# serializer version: 1
# name: test_combined_remaps_legacy_brightness_to_system
  CombinedModels(device=Device(model_name='Wi-Fi Energy Socket', id='appliance/energysocket/3c39e7aabbcc', product_name='Energy Socket', product_type='HWE-SKT', serial='3c39e7aabbcc', api_version=<AwesomeVersion SemVer '1.0.0'>, firmware_version='2.11'), measurement=None, state=State(power_on=False, switch_lock=False, brightness=255), system=System(wifi_strength_pct=None, wifi_ssid=None, wifi_rssi_db=None, cloud_enabled=None, uptime_s=None, status_led_brightness_pct=100.0, api_v1_enabled=None))
# ---
# name: test_combined_remaps_legacy_wifi_ssid_to_system
  CombinedModels(device=Device(model_name='Wi-Fi Energy Socket', id='appliance/energysocket/3c39e7aabbcc', product_name='Energy Socket', product_type='HWE-SKT', serial='3c39e7aabbcc', api_version=<AwesomeVersion SemVer '1.0.0'>, firmware_version='2.11'), measurement=Measurement(wifi_ssid='My Wi-Fi', wifi_strength=100, energy_import_kwh=10830.511, energy_import_t1_kwh=10830.511, energy_import_t2_kwh=None, energy_import_t3_kwh=None, energy_import_t4_kwh=None, energy_export_kwh=2948.827, energy_export_t1_kwh=2948.827, energy_export_t2_kwh=None, energy_export_t3_kwh=None, energy_export_t4_kwh=None, power_w=123.0, power_l1_w=123.0, power_l2_w=None, power_l3_w=None, voltage_v=None, voltage_l1_v=None, voltage_l2_v=None, voltage_l3_v=None, current_a=None, current_l1_a=None, current_l2_a=None, current_l3_a=None, apparent_power_va=None, apparent_power_l1_va=None, apparent_power_l2_va=None, apparent_power_l3_va=None, reactive_power_var=None, reactive_power_l1_var=None, reactive_power_l2_var=None, reactive_power_l3_var=None, power_factor=None, power_factor_l1=None, power_factor_l2=None, power_factor_l3=None, frequency_hz=None, timestamp=None, protocol_version=None, meter_model=None, unique_id=None, tariff=None, voltage_sag_l1_count=None, voltage_sag_l2_count=None, voltage_sag_l3_count=None, voltage_swell_l1_count=None, voltage_swell_l2_count=None, voltage_swell_l3_count=None, any_power_fail_count=None, long_power_fail_count=None, average_power_15m_w=None, monthly_power_peak_w=None, monthly_power_peak_timestamp=None, external_devices=None, active_liter_lpm=None, total_liter_m3=None, cycles=None, state_of_charge_pct=None), state=None, system=System(wifi_strength_pct=100, wifi_ssid='My Wi-Fi', wifi_rssi_db=None, cloud_enabled=None, uptime_s=None, status_led_brightness_pct=None, api_v1_enabled=None))
# ---
# name: test_data[HWE-KWH1-fixtures3]
  Measurement(wifi_ssid='My Wi-Fi', wifi_strength=74, energy_import_kwh=122.376, energy_import_t1_kwh=122.376, energy_import_t2_kwh=None, energy_import_t3_kwh=None, energy_import_t4_kwh=None, energy_export_kwh=579.813, energy_export_t1_kwh=579.813, energy_export_t2_kwh=None, energy_export_t3_kwh=None, energy_export_t4_kwh=None, power_w=-45.252, power_l1_w=-45.252, power_l2_w=None, power_l3_w=None, voltage_v=228.472, voltage_l1_v=None, voltage_l2_v=None, voltage_l3_v=None, current_a=0.273, current_l1_a=None, current_l2_a=None, current_l3_a=None, apparent_power_va=74.052, apparent_power_l1_va=None, apparent_power_l2_va=None, apparent_power_l3_va=None, reactive_power_var=-58.612, reactive_power_l1_var=None, reactive_power_l2_var=None, reactive_power_l3_var=None, power_factor=0.611, power_factor_l1=None, power_factor_l2=None, power_factor_l3=None, frequency_hz=50.0, timestamp=None, protocol_version=None, meter_model=None, unique_id=None, tariff=None, voltage_sag_l1_count=None, voltage_sag_l2_count=None, voltage_sag_l3_count=None, voltage_swell_l1_count=None, voltage_swell_l2_count=None, voltage_swell_l3_count=None, any_power_fail_count=None, long_power_fail_count=None, average_power_15m_w=None, monthly_power_peak_w=None, monthly_power_peak_timestamp=None, external_devices=None, active_liter_lpm=None, total_liter_m3=None, cycles=None, state_of_charge_pct=None)
# ---
# name: test_data[HWE-KWH3-fixtures4]
  Measurement(wifi_ssid='HW WiFi', wifi_strength=84, energy_import_kwh=2940.101, energy_import_t1_kwh=2940.101, energy_import_t2_kwh=None, energy_import_t3_kwh=None, energy_import_t4_kwh=None, energy_export_kwh=0.0, energy_export_t1_kwh=0.0, energy_export_t2_kwh=None, energy_export_t3_kwh=None, energy_export_t4_kwh=None, power_w=7100.278, power_l1_w=0.0, power_l2_w=3547.015, power_l3_w=3553.263, voltage_v=None, voltage_l1_v=230.751, voltage_l2_v=228.391, voltage_l3_v=229.612, current_a=30.999, current_l1_a=0.0, current_l2_a=15.521, current_l3_a=15.477, apparent_power_va=7112.293, apparent_power_l1_va=0.0, apparent_power_l2_va=3548.879, apparent_power_l3_va=3563.414, reactive_power_var=-429.025, reactive_power_l1_var=0.0, reactive_power_l2_var=-166.675, reactive_power_l3_var=-262.35, power_factor=None, power_factor_l1=1.0, power_factor_l2=0.999, power_factor_l3=0.997, frequency_hz=49.926, timestamp=None, protocol_version=None, meter_model=None, unique_id=None, tariff=None, voltage_sag_l1_count=None, voltage_sag_l2_count=None, voltage_sag_l3_count=None, voltage_swell_l1_count=None, voltage_swell_l2_count=None, voltage_swell_l3_count=None, any_power_fail_count=None, long_power_fail_count=None, average_power_15m_w=None, monthly_power_peak_w=None, monthly_power_peak_timestamp=None, external_devices=None, active_liter_lpm=None, total_liter_m3=None, cycles=None, state_of_charge_pct=None)
# ---
# name: test_data[HWE-P1-fixtures0]
  Measurement(wifi_ssid='My Wi-Fi', wifi_strength=100, energy_import_kwh=10830.511, energy_import_t1_kwh=10830.511, energy_import_t2_kwh=2948.827, energy_import_t3_kwh=None, energy_import_t4_kwh=None, energy_export_kwh=1285.951, energy_export_t1_kwh=1285.951, energy_export_t2_kwh=2876.51, energy_export_t3_kwh=None, energy_export_t4_kwh=None, power_w=-543.0, power_l1_w=-676.0, power_l2_w=133.0, power_l3_w=0.0, voltage_v=None, voltage_l1_v=None, voltage_l2_v=None, voltage_l3_v=None, current_a=None, current_l1_a=None, current_l2_a=None, current_l3_a=None, apparent_power_va=None, apparent_power_l1_va=None, apparent_power_l2_va=None, apparent_power_l3_va=None, reactive_power_var=None, reactive_power_l1_var=None, reactive_power_l2_var=None, reactive_power_l3_var=None, power_factor=None, power_factor_l1=None, power_factor_l2=None, power_factor_l3=None, frequency_hz=None, timestamp=None, protocol_version=50, meter_model='ISKRA  2M550T-101', unique_id=None, tariff=None, voltage_sag_l1_count=None, voltage_sag_l2_count=None, voltage_sag_l3_count=None, voltage_swell_l1_count=None, voltage_swell_l2_count=None, voltage_swell_l3_count=None, any_power_fail_count=None, long_power_fail_count=None, average_power_15m_w=None, monthly_power_peak_w=None, monthly_power_peak_timestamp=None, external_devices=None, active_liter_lpm=None, total_liter_m3=None, cycles=None, state_of_charge_pct=None)
# ---
# name: test_data[HWE-P1-fixtures0].1
  Measurement(wifi_ssid='My Wi-Fi', wifi_strength=100, energy_import_kwh=13779.338, energy_import_t1_kwh=10830.511, energy_import_t2_kwh=2948.827, energy_import_t3_kwh=None, energy_import_t4_kwh=None, energy_export_kwh=0.0, energy_export_t1_kwh=0.0, energy_export_t2_kwh=0.0, energy_export_t3_kwh=None, energy_export_t4_kwh=None, power_w=-543.0, power_l1_w=-676.0, power_l2_w=133.0, power_l3_w=0.0, voltage_v=None, voltage_l1_v=None, voltage_l2_v=None, voltage_l3_v=None, current_a=None, current_l1_a=-4.0, current_l2_a=2.0, current_l3_a=0.0, apparent_power_va=None, apparent_power_l1_va=None, apparent_power_l2_va=None, apparent_power_l3_va=None, reactive_power_var=None, reactive_power_l1_var=None, reactive_power_l2_var=None, reactive_power_l3_var=None, power_factor=None, power_factor_l1=None, power_factor_l2=None, power_factor_l3=None, frequency_hz=50.0, timestamp=None, protocol_version=50, meter_model='ISKRA  2M550T-101', unique_id='NGGYU', tariff=2, voltage_sag_l1_count=1, voltage_sag_l2_count=1, voltage_sag_l3_count=0, voltage_swell_l1_count=0, voltage_swell_l2_count=0, voltage_swell_l3_count=0, any_power_fail_count=4, long_power_fail_count=5, average_power_15m_w=123.0, monthly_power_peak_w=1111.0, monthly_power_peak_timestamp=datetime.datetime(2023, 1, 1, 8, 0, 10), external_devices={'gas_meter_NGLYD': ExternalDevice(unique_id='NGLYD', type=<DeviceType.GAS_METER: 'gas_meter'>, value=111.111, unit='m3', timestamp=datetime.datetime(2021, 6, 6, 14, 0, 10)), 'heat_meter_NGRAADY': ExternalDevice(unique_id='NGRAADY', type=<DeviceType.HEAT_METER: 'heat_meter'>, value=222.222, unit='m3', timestamp=datetime.datetime(2021, 6, 6, 14, 0, 10)), 'warm_water_meter_NGMYC': ExternalDevice(unique_id='NGMYC', type=<DeviceType.WARM_WATER_METER: 'warm_water_meter'>, value=333.333, unit='m3', timestamp=datetime.datetime(2021, 6, 6, 14, 0, 10)), 'water_meter_NGSG': ExternalDevice(unique_id='NGSG', type=<DeviceType.WATER_METER: 'water_meter'>, value=444.444, unit='m3', timestamp=datetime.datetime(2021, 6, 6, 14, 0, 10)), 'inlet_heat_meter_NGTALAHY': ExternalDevice(unique_id='NGTALAHY', type=<DeviceType.INLET_HEAT_METER: 'inlet_heat_meter'>, value=555.555, unit='m3', timestamp=datetime.datetime(2021, 6, 6, 14, 0, 10))}, active_liter_lpm=None, total_liter_m3=None, cycles=None, state_of_charge_pct=None)
# ---
# name: test_data[HWE-P1-fixtures0].2
  Measurement(wifi_ssid='My Wi-Fi', wifi_strength=100, energy_import_kwh=10830.511, energy_import_t1_kwh=10830.511, energy_import_t2_kwh=2948.827, energy_import_t3_kwh=None, energy_import_t4_kwh=None, energy_export_kwh=1285.951, energy_export_t1_kwh=1285.951, energy_export_t2_kwh=2876.51, energy_export_t3_kwh=None, energy_export_t4_kwh=None, power_w=-543.0, power_l1_w=-676.0, power_l2_w=133.0, power_l3_w=0.0, voltage_v=None, voltage_l1_v=None, voltage_l2_v=None, voltage_l3_v=None, current_a=None, current_l1_a=None, current_l2_a=None, current_l3_a=None, apparent_power_va=None, apparent_power_l1_va=None, apparent_power_l2_va=None, apparent_power_l3_va=None, reactive_power_var=None, reactive_power_l1_var=None, reactive_power_l2_var=None, reactive_power_l3_var=None, power_factor=None, power_factor_l1=None, power_factor_l2=None, power_factor_l3=None, frequency_hz=None, timestamp=None, protocol_version=50, meter_model='ISKRA  2M550T-101', unique_id=None, tariff=None, voltage_sag_l1_count=None, voltage_sag_l2_count=None, voltage_sag_l3_count=None, voltage_swell_l1_count=None, voltage_swell_l2_count=None, voltage_swell_l3_count=None, any_power_fail_count=None, long_power_fail_count=None, average_power_15m_w=None, monthly_power_peak_w=None, monthly_power_peak_timestamp=None, external_devices=None, active_liter_lpm=None, total_liter_m3=None, cycles=None, state_of_charge_pct=None)
# ---
# name: test_data[HWE-P1-fixtures0].3
  Measurement(wifi_ssid='My Wi-Fi', wifi_strength=100, energy_import_kwh=10830.511, energy_import_t1_kwh=10830.511, energy_import_t2_kwh=2948.827, energy_import_t3_kwh=None, energy_import_t4_kwh=None, energy_export_kwh=1285.951, energy_export_t1_kwh=1285.951, energy_export_t2_kwh=2876.51, energy_export_t3_kwh=None, energy_export_t4_kwh=None, power_w=-543.0, power_l1_w=-676.0, power_l2_w=None, power_l3_w=None, voltage_v=None, voltage_l1_v=None, voltage_l2_v=None, voltage_l3_v=None, current_a=None, current_l1_a=None, current_l2_a=None, current_l3_a=None, apparent_power_va=None, apparent_power_l1_va=None, apparent_power_l2_va=None, apparent_power_l3_va=None, reactive_power_var=None, reactive_power_l1_var=None, reactive_power_l2_var=None, reactive_power_l3_var=None, power_factor=None, power_factor_l1=None, power_factor_l2=None, power_factor_l3=None, frequency_hz=None, timestamp=None, protocol_version=50, meter_model='ISKRA  2M550T-101', unique_id=None, tariff=None, voltage_sag_l1_count=None, voltage_sag_l2_count=None, voltage_sag_l3_count=None, voltage_swell_l1_count=None, voltage_swell_l2_count=None, voltage_swell_l3_count=None, any_power_fail_count=None, long_power_fail_count=None, average_power_15m_w=None, monthly_power_peak_w=None, monthly_power_peak_timestamp=None, external_devices=None, active_liter_lpm=None, total_liter_m3=None, cycles=None, state_of_charge_pct=None)
# ---
# name: test_data[HWE-SKT-fixtures1]
  Measurement(wifi_ssid='My Wi-Fi', wifi_strength=100, energy_import_kwh=10830.511, energy_import_t1_kwh=10830.511, energy_import_t2_kwh=None, energy_import_t3_kwh=None, energy_import_t4_kwh=None, energy_export_kwh=2948.827, energy_export_t1_kwh=2948.827, energy_export_t2_kwh=None, energy_export_t3_kwh=None, energy_export_t4_kwh=None, power_w=123.0, power_l1_w=123.0, power_l2_w=None, power_l3_w=None, voltage_v=None, voltage_l1_v=None, voltage_l2_v=None, voltage_l3_v=None, current_a=None, current_l1_a=None, current_l2_a=None, current_l3_a=None, apparent_power_va=None, apparent_power_l1_va=None, apparent_power_l2_va=None, apparent_power_l3_va=None, reactive_power_var=None, reactive_power_l1_var=None, reactive_power_l2_var=None, reactive_power_l3_var=None, power_factor=None, power_factor_l1=None, power_factor_l2=None, power_factor_l3=None, frequency_hz=None, timestamp=None, protocol_version=None, meter_model=None, unique_id=None, tariff=None, voltage_sag_l1_count=None, voltage_sag_l2_count=None, voltage_sag_l3_count=None, voltage_swell_l1_count=None, voltage_swell_l2_count=None, voltage_swell_l3_count=None, any_power_fail_count=None, long_power_fail_count=None, average_power_15m_w=None, monthly_power_peak_w=None, monthly_power_peak_timestamp=None, external_devices=None, active_liter_lpm=None, total_liter_m3=None, cycles=None, state_of_charge_pct=None)
# ---
# name: test_data[HWE-WTR-fixtures2]
  Measurement(wifi_ssid='My Wi-Fi', wifi_strength=100, energy_import_kwh=None, energy_import_t1_kwh=None, energy_import_t2_kwh=None, energy_import_t3_kwh=None, energy_import_t4_kwh=None, energy_export_kwh=None, energy_export_t1_kwh=None, energy_export_t2_kwh=None, energy_export_t3_kwh=None, energy_export_t4_kwh=None, power_w=None, power_l1_w=None, power_l2_w=None, power_l3_w=None, voltage_v=None, voltage_l1_v=None, voltage_l2_v=None, voltage_l3_v=None, current_a=None, current_l1_a=None, current_l2_a=None, current_l3_a=None, apparent_power_va=None, apparent_power_l1_va=None, apparent_power_l2_va=None, apparent_power_l3_va=None, reactive_power_var=None, reactive_power_l1_var=None, reactive_power_l2_var=None, reactive_power_l3_var=None, power_factor=None, power_factor_l1=None, power_factor_l2=None, power_factor_l3=None, frequency_hz=None, timestamp=None, protocol_version=None, meter_model=None, unique_id=None, tariff=None, voltage_sag_l1_count=None, voltage_sag_l2_count=None, voltage_sag_l3_count=None, voltage_swell_l1_count=None, voltage_swell_l2_count=None, voltage_swell_l3_count=None, any_power_fail_count=None, long_power_fail_count=None, average_power_15m_w=None, monthly_power_peak_w=None, monthly_power_peak_timestamp=None, external_devices=None, active_liter_lpm=13.12, total_liter_m3=8129.123, cycles=None, state_of_charge_pct=None)
# ---
# name: test_data[SDM230-wifi-fixtures5]
  Measurement(wifi_ssid='My Wi-Fi', wifi_strength=74, energy_import_kwh=122.376, energy_import_t1_kwh=122.376, energy_import_t2_kwh=None, energy_import_t3_kwh=None, energy_import_t4_kwh=None, energy_export_kwh=579.813, energy_export_t1_kwh=579.813, energy_export_t2_kwh=None, energy_export_t3_kwh=None, energy_export_t4_kwh=None, power_w=-45.252, power_l1_w=-45.252, power_l2_w=None, power_l3_w=None, voltage_v=228.472, voltage_l1_v=None, voltage_l2_v=None, voltage_l3_v=None, current_a=0.273, current_l1_a=None, current_l2_a=None, current_l3_a=None, apparent_power_va=74.052, apparent_power_l1_va=None, apparent_power_l2_va=None, apparent_power_l3_va=None, reactive_power_var=-58.612, reactive_power_l1_var=None, reactive_power_l2_var=None, reactive_power_l3_var=None, power_factor=0.611, power_factor_l1=None, power_factor_l2=None, power_factor_l3=None, frequency_hz=50.0, timestamp=None, protocol_version=None, meter_model=None, unique_id=None, tariff=None, voltage_sag_l1_count=None, voltage_sag_l2_count=None, voltage_sag_l3_count=None, voltage_swell_l1_count=None, voltage_swell_l2_count=None, voltage_swell_l3_count=None, any_power_fail_count=None, long_power_fail_count=None, average_power_15m_w=None, monthly_power_peak_w=None, monthly_power_peak_timestamp=None, external_devices=None, active_liter_lpm=None, total_liter_m3=None, cycles=None, state_of_charge_pct=None)
# ---
# name: test_data[SDM630-wifi-fixtures6]
  Measurement(wifi_ssid='HW WiFi', wifi_strength=84, energy_import_kwh=2940.101, energy_import_t1_kwh=2940.101, energy_import_t2_kwh=None, energy_import_t3_kwh=None, energy_import_t4_kwh=None, energy_export_kwh=0.0, energy_export_t1_kwh=0.0, energy_export_t2_kwh=None, energy_export_t3_kwh=None, energy_export_t4_kwh=None, power_w=7100.278, power_l1_w=0.0, power_l2_w=3547.015, power_l3_w=3553.263, voltage_v=None, voltage_l1_v=230.751, voltage_l2_v=228.391, voltage_l3_v=229.612, current_a=30.999, current_l1_a=0.0, current_l2_a=15.521, current_l3_a=15.477, apparent_power_va=7112.293, apparent_power_l1_va=0.0, apparent_power_l2_va=3548.879, apparent_power_l3_va=3563.414, reactive_power_var=-429.025, reactive_power_l1_var=0.0, reactive_power_l2_var=-166.675, reactive_power_l3_var=-262.35, power_factor=None, power_factor_l1=1.0, power_factor_l2=0.999, power_factor_l3=0.997, frequency_hz=49.926, timestamp=None, protocol_version=None, meter_model=None, unique_id=None, tariff=None, voltage_sag_l1_count=None, voltage_sag_l2_count=None, voltage_sag_l3_count=None, voltage_swell_l1_count=None, voltage_swell_l2_count=None, voltage_swell_l3_count=None, any_power_fail_count=None, long_power_fail_count=None, average_power_15m_w=None, monthly_power_peak_w=None, monthly_power_peak_timestamp=None, external_devices=None, active_liter_lpm=None, total_liter_m3=None, cycles=None, state_of_charge_pct=None)
# ---
# name: test_data[exceptions-fixtures7]
  Measurement(wifi_ssid=None, wifi_strength=None, energy_import_kwh=None, energy_import_t1_kwh=None, energy_import_t2_kwh=None, energy_import_t3_kwh=None, energy_import_t4_kwh=None, energy_export_kwh=None, energy_export_t1_kwh=None, energy_export_t2_kwh=None, energy_export_t3_kwh=None, energy_export_t4_kwh=None, power_w=None, power_l1_w=None, power_l2_w=None, power_l3_w=None, voltage_v=None, voltage_l1_v=None, voltage_l2_v=None, voltage_l3_v=None, current_a=None, current_l1_a=None, current_l2_a=None, current_l3_a=None, apparent_power_va=None, apparent_power_l1_va=None, apparent_power_l2_va=None, apparent_power_l3_va=None, reactive_power_var=None, reactive_power_l1_var=None, reactive_power_l2_var=None, reactive_power_l3_var=None, power_factor=None, power_factor_l1=None, power_factor_l2=None, power_factor_l3=None, frequency_hz=None, timestamp=None, protocol_version=None, meter_model=None, unique_id='SomeInvalidEANWhichIsNotAHexadecimalString', tariff=None, voltage_sag_l1_count=None, voltage_sag_l2_count=None, voltage_sag_l3_count=None, voltage_swell_l1_count=None, voltage_swell_l2_count=None, voltage_swell_l3_count=None, any_power_fail_count=None, long_power_fail_count=None, average_power_15m_w=None, monthly_power_peak_w=None, monthly_power_peak_timestamp=None, external_devices={'gas_meter_\x00\x00\x00\x00\x00\x00\x00\x00\x00\x00\x00\x00\x00\x00\x00\x00': ExternalDevice(unique_id='\x00\x00\x00\x00\x00\x00\x00\x00\x00\x00\x00\x00\x00\x00\x00\x00', type=<DeviceType.GAS_METER: 'gas_meter'>, value=111.111, unit='m3', timestamp=datetime.datetime(2021, 6, 6, 14, 0, 10)), 'heat_meter_\x00\x00\x00\x00\x00\x00\x00\x00\x00\x00\x00\x00\x00\x00\x00\x00': ExternalDevice(unique_id='\x00\x00\x00\x00\x00\x00\x00\x00\x00\x00\x00\x00\x00\x00\x00\x00', type=<DeviceType.HEAT_METER: 'heat_meter'>, value=222.222, unit='m3', timestamp=datetime.datetime(2021, 6, 6, 14, 0, 10)), 'warm_water_meter_\x00\x00\x00\x00\x00\x00\x00\x00\x00\x00\x00\x00\x00\x00\x00\x00': ExternalDevice(unique_id='\x00\x00\x00\x00\x00\x00\x00\x00\x00\x00\x00\x00\x00\x00\x00\x00', type=<DeviceType.WARM_WATER_METER: 'warm_water_meter'>, value=333.333, unit='m3', timestamp=datetime.datetime(2021, 6, 6, 14, 0, 10)), 'water_meter_\x00\x00\x00\x00\x00\x00\x00\x00\x00\x00\x00\x00\x00\x00\x00\x00': ExternalDevice(unique_id='\x00\x00\x00\x00\x00\x00\x00\x00\x00\x00\x00\x00\x00\x00\x00\x00', type=<DeviceType.WATER_METER: 'water_meter'>, value=444.444, unit='m3', timestamp=datetime.datetime(2021, 6, 6, 14, 0, 10)), 'inlet_heat_meter_\x00\x00\x00\x00\x00\x00\x00\x00\x00\x00\x00\x00\x00\x00\x00\x00': ExternalDevice(unique_id='\x00\x00\x00\x00\x00\x00\x00\x00\x00\x00\x00\x00\x00\x00\x00\x00', type=<DeviceType.INLET_HEAT_METER: 'inlet_heat_meter'>, value=555.555, unit='m3', timestamp=datetime.datetime(2021, 6, 6, 14, 0, 10)), 'None_\x00\x00\x00\x00\x00\x00\x00\x00\x00\x00\x00\x00\x00\x00\x00\x00': ExternalDevice(unique_id='\x00\x00\x00\x00\x00\x00\x00\x00\x00\x00\x00\x00\x00\x00\x00\x00', type=None, value=555.555, unit=',3', timestamp=datetime.datetime(2021, 6, 6, 14, 0, 10))}, active_liter_lpm=None, total_liter_m3=None, cycles=None, state_of_charge_pct=None)
# ---
# name: test_data[exceptions-fixtures7].1
  Measurement(wifi_ssid=None, wifi_strength=None, energy_import_kwh=None, energy_import_t1_kwh=None, energy_import_t2_kwh=None, energy_import_t3_kwh=None, energy_import_t4_kwh=None, energy_export_kwh=None, energy_export_t1_kwh=None, energy_export_t2_kwh=None, energy_export_t3_kwh=None, energy_export_t4_kwh=None, power_w=None, power_l1_w=None, power_l2_w=None, power_l3_w=None, voltage_v=None, voltage_l1_v=None, voltage_l2_v=None, voltage_l3_v=None, current_a=None, current_l1_a=None, current_l2_a=None, current_l3_a=None, apparent_power_va=None, apparent_power_l1_va=None, apparent_power_l2_va=None, apparent_power_l3_va=None, reactive_power_var=None, reactive_power_l1_var=None, reactive_power_l2_var=None, reactive_power_l3_var=None, power_factor=None, power_factor_l1=None, power_factor_l2=None, power_factor_l3=None, frequency_hz=None, timestamp=None, protocol_version=None, meter_model=None, unique_id=None, tariff=None, voltage_sag_l1_count=None, voltage_sag_l2_count=None, voltage_sag_l3_count=None, voltage_swell_l1_count=None, voltage_swell_l2_count=None, voltage_swell_l3_count=None, any_power_fail_count=None, long_power_fail_count=None, average_power_15m_w=None, monthly_power_peak_w=None, monthly_power_peak_timestamp=None, external_devices={'None_NGLYD': ExternalDevice(unique_id='NGLYD', type=None, value=111.111, unit='m3', timestamp=datetime.datetime(2021, 6, 6, 14, 0, 10))}, active_liter_lpm=None, total_liter_m3=None, cycles=None, state_of_charge_pct=None)
# ---
# name: test_device[HWE-KWH1-fixtures3]
  Device(model_name='Wi-Fi kWh Meter 1-phase', id='appliance/energymeter/3c39e7aabbcc', product_name='kWh Meter', product_type='HWE-KWH1', serial='3c39e7aabbcc', api_version=<AwesomeVersion SemVer '1.0.0'>, firmware_version='2.11')
# ---
# name: test_device[HWE-KWH3-fixtures4]
  Device(model_name='Wi-Fi kWh Meter 3-phase', id='appliance/energymeter/3c39e7aabbcc', product_name='kWh Meter 3-phase', product_type='HWE-KWH3', serial='3c39e7aabbcc', api_version=<AwesomeVersion SemVer '1.0.0'>, firmware_version='2.11')
# ---
# name: test_device[HWE-P1-fixtures0]
  Device(model_name='Wi-Fi P1 Meter', id='appliance/p1dongle/3c39e7aabbcc', product_name='P1 Meter', product_type='HWE-P1', serial='3c39e7aabbcc', api_version=<AwesomeVersion SemVer '1.0.0'>, firmware_version='2.11')
# ---
# name: test_device[HWE-SKT-fixtures1]
  Device(model_name='Wi-Fi Energy Socket', id='appliance/energysocket/3c39e7aabbcc', product_name='Energy Socket', product_type='HWE-SKT', serial='3c39e7aabbcc', api_version=<AwesomeVersion SemVer '1.0.0'>, firmware_version='2.11')
# ---
# name: test_device[HWE-WTR-fixtures2]
  Device(model_name='Wi-Fi Watermeter', id='appliance/watermeter/3c39e7aabbcc', product_name='Water Meter', product_type='HWE-WTR', serial='3c39e7aabbcc', api_version=<AwesomeVersion SemVer '1.0.0'>, firmware_version='2.11')
# ---
# name: test_device[SDM230-wifi-fixtures5]
  Device(model_name='Wi-Fi kWh Meter 1-phase', id='appliance/energymeter/3c39e7aabbcc', product_name='kWh Meter', product_type='SDM230-wifi', serial='3c39e7aabbcc', api_version=<AwesomeVersion SemVer '1.0.0'>, firmware_version='2.11')
# ---
# name: test_device[SDM630-wifi-fixtures6]
  Device(model_name='Wi-Fi kWh Meter 3-phase', id='appliance/energymeter/3c39e7aabbcc', product_name='kWh Meter 3-phase', product_type='SDM630-wifi', serial='3c39e7aabbcc', api_version=<AwesomeVersion SemVer '1.0.0'>, firmware_version='2.11')
# ---
# name: test_state[HWE-SKT-fixtures0]
  State(power_on=False, switch_lock=False, brightness=255)
# ---
# name: test_state[HWE-SKT-fixtures0].1
  State(power_on=False, switch_lock=None, brightness=None)
# ---
# name: test_state[HWE-SKT-fixtures0].2
  State(power_on=None, switch_lock=False, brightness=None)
# ---
# name: test_state[HWE-SKT-fixtures0].3
  State(power_on=None, switch_lock=None, brightness=255)
# ---
# name: test_system[HWE-KWH1-fixtures3]
  System(wifi_strength_pct=None, wifi_ssid=None, wifi_rssi_db=None, cloud_enabled=True, uptime_s=None, status_led_brightness_pct=None, api_v1_enabled=None)
# ---
# name: test_system[HWE-KWH3-fixtures4]
  System(wifi_strength_pct=None, wifi_ssid=None, wifi_rssi_db=None, cloud_enabled=True, uptime_s=None, status_led_brightness_pct=None, api_v1_enabled=None)
# ---
# name: test_system[HWE-P1-fixtures0]
  System(wifi_strength_pct=None, wifi_ssid=None, wifi_rssi_db=None, cloud_enabled=True, uptime_s=None, status_led_brightness_pct=None, api_v1_enabled=None)
# ---
# name: test_system[HWE-SKT-fixtures1]
  System(wifi_strength_pct=None, wifi_ssid=None, wifi_rssi_db=None, cloud_enabled=True, uptime_s=None, status_led_brightness_pct=None, api_v1_enabled=None)
# ---
# name: test_system[HWE-WTR-fixtures2]
  System(wifi_strength_pct=None, wifi_ssid=None, wifi_rssi_db=None, cloud_enabled=True, uptime_s=None, status_led_brightness_pct=None, api_v1_enabled=None)
# ---
# name: test_system[SDM230-wifi-fixtures5]
  System(wifi_strength_pct=None, wifi_ssid=None, wifi_rssi_db=None, cloud_enabled=True, uptime_s=None, status_led_brightness_pct=None, api_v1_enabled=None)
# ---
# name: test_system[SDM630-wifi-fixtures6]
  System(wifi_strength_pct=None, wifi_ssid=None, wifi_rssi_db=None, cloud_enabled=True, uptime_s=None, status_led_brightness_pct=None, api_v1_enabled=None)
# ---
