# serializer version: 1
# name: test_device_with_valid_authentication[HWE-P1-fixtures0]
  Device(model_name='Wi-Fi P1 Meter', id='appliance/p1dongle/5c2fafaabbcc', product_name='P1 Meter', product_type='HWE-P1', serial='5c2fafaabbcc', api_version=<AwesomeVersion SemVer '2.0.0'>, firmware_version='6.00')
# ---
# name: test_measurement_with_valid_authentication[HWE-P1-fixtures0]
  Measurement(wifi_ssid=None, wifi_strength=None, energy_import_kwh=None, energy_import_t1_kwh=10830.511, energy_import_t2_kwh=2948.827, energy_import_t3_kwh=None, energy_import_t4_kwh=None, energy_export_kwh=None, energy_export_t1_kwh=1285.951, energy_export_t2_kwh=2876.51, energy_export_t3_kwh=None, energy_export_t4_kwh=None, power_w=-678.0, power_l1_w=-676.0, power_l2_w=None, power_l3_w=None, voltage_v=None, voltage_l1_v=None, voltage_l2_v=None, voltage_l3_v=None, current_a=None, current_l1_a=None, current_l2_a=None, current_l3_a=None, apparent_power_va=None, apparent_power_l1_va=None, apparent_power_l2_va=None, apparent_power_l3_va=None, reactive_power_var=None, reactive_power_l1_var=None, reactive_power_l2_var=None, reactive_power_l3_var=None, power_factor=None, power_factor_l1=None, power_factor_l2=None, power_factor_l3=None, frequency_hz=None, timestamp=datetime.datetime(2024, 6, 28, 14, 12, 34), protocol_version=50, meter_model='ISKRA  2M550T-101', unique_id='Never Gonna Give You Up', tariff=None, voltage_sag_l1_count=None, voltage_sag_l2_count=None, voltage_sag_l3_count=None, voltage_swell_l1_count=None, voltage_swell_l2_count=None, voltage_swell_l3_count=None, any_power_fail_count=None, long_power_fail_count=None, average_power_15m_w=None, monthly_power_peak_w=None, monthly_power_peak_timestamp=None, external_devices=None, active_liter_lpm=None, total_liter_m3=None, cycles=None, state_of_charge_pct=None)
# ---
# name: test_measurement_with_valid_authentication[HWE-P1-fixtures0].1
  Measurement(wifi_ssid=None, wifi_strength=None, energy_import_kwh=13779.338, energy_import_t1_kwh=10830.511, energy_import_t2_kwh=2948.827, energy_import_t3_kwh=None, energy_import_t4_kwh=None, energy_export_kwh=0.0, energy_export_t1_kwh=0.0, energy_export_t2_kwh=0.0, energy_export_t3_kwh=None, energy_export_t4_kwh=None, power_w=-543.0, power_l1_w=-676.0, power_l2_w=133.0, power_l3_w=0.0, voltage_v=None, voltage_l1_v=None, voltage_l2_v=None, voltage_l3_v=None, current_a=6.0, current_l1_a=-4.0, current_l2_a=2.0, current_l3_a=0.0, apparent_power_va=None, apparent_power_l1_va=None, apparent_power_l2_va=None, apparent_power_l3_va=None, reactive_power_var=None, reactive_power_l1_var=None, reactive_power_l2_var=None, reactive_power_l3_var=None, power_factor=None, power_factor_l1=None, power_factor_l2=None, power_factor_l3=None, frequency_hz=None, timestamp=datetime.datetime(2024, 6, 28, 14, 12, 34), protocol_version=50, meter_model='ISKRA  2M550T-101', unique_id='Never Gonna Let You Down', tariff=2, voltage_sag_l1_count=1, voltage_sag_l2_count=1, voltage_sag_l3_count=0, voltage_swell_l1_count=0, voltage_swell_l2_count=0, voltage_swell_l3_count=0, any_power_fail_count=4, long_power_fail_count=5, average_power_15m_w=123.0, monthly_power_peak_w=1111.0, monthly_power_peak_timestamp=datetime.datetime(2024, 6, 4, 10, 11, 22), external_devices={'gas_meter_Never gonna run around': ExternalDevice(unique_id='Never gonna run around', type=<DeviceType.GAS_METER: 'gas_meter'>, value=2569.646, unit='m3', timestamp=datetime.datetime(2024, 6, 28, 14, 0)), 'water_meter_and desert you': ExternalDevice(unique_id='and desert you', type=<DeviceType.WATER_METER: 'water_meter'>, value=123.456, unit='m3', timestamp=datetime.datetime(2024, 6, 28, 14, 5))}, active_liter_lpm=None, total_liter_m3=None, cycles=None, state_of_charge_pct=None)
# ---
# name: test_system_with_valid_authentication[HWE-P1-fixtures0]
  System(wifi_strength_pct=46, wifi_ssid='My Wi-Fi', wifi_rssi_db=-77, cloud_enabled=False, uptime_s=356, status_led_brightness_pct=100, api_v1_enabled=True)
# ---
